---
source: src/terminal/tests/snapshot_tests.rs
expression: sanitized_output(&term)
---
▶ Interleaved
   ────────  Group 1  ─────────────────────────────────────────────────────────────────────────────────
   ·  Stage G1
   ────────────────────────────────────────────────────────────────────────────────────────────────────
   ·  Root Stage
   ────────  Group 2  ─────────────────────────────────────────────────────────────────────────────────
   ·  Stage G2
