---
source: src/terminal/tests/snapshot_tests.rs
expression: sanitized_output(&term)
---
[TASK] Single Group Failed Task
[Single Group Failed Task]    ────────  Setup  ───────────────────────────────────────────────────────────────────────────────────
[FAIL] Single Group Failed Task (fail) [TIME]
│
│ issue:    error
