---
source: src/terminal/tests/snapshot_tests.rs
expression: sanitized_output(&term)
---
[TASK] CI Pipeline
[CI Pipeline]    [WAIT] Compile
[CI Pipeline]    [WAIT] Test
[CI Pipeline]    [WAIT] Publish
[CI Pipeline]  > [START] Compile
[CI Pipeline]    [FAIL] Compile (fail) [TIME]
[CI Pipeline]    │
[CI Pipeline]    │ issue:    syntax error
[FAIL] CI Pipeline (fail) [TIME]
[CI Pipeline]    [SKIP] Test (skipped due to previous error)
[CI Pipeline]    [SKIP] Publish (skipped due to previous error)
